Test output capture
